Microchip MPLAB XC8 Compiler V2.41

Linker command line:

-W9 \
  --edf=C:/Program Files/Microchip/MPLABX/v6.25/packs/Microchip/PIC10-12Fxxx_DFP/1.7.178/xc8\pic\dat\20230817221021_en.msgs \
  -cn -h+.ca/dist/Config_1/production\Cooler_Control.X.production.sym \
  --cmf=.ca/dist/Config_1/production\Cooler_Control.X.production.cmf -z \
  -Q12F675 -oC:\Users\ziatd\AppData\Local\Temp\xcAs1a10.\driver_tmp_3.o \
  --defsym=__MPLAB_BUILD=1 --fixupoverflow=error \
  -M.ca/dist/Config_1/production/Cooler_Control.X.production.map \
  --md=C:\Users\ziatd\AppData\Local\Temp\xcAs1a10.\driver_tmp_0.dat -E1 \
  -ver=XC8 Compiler --acfsm=1493 -ACODE=00h-03FEh -ASTRCODE=00h-03FEh \
  -ASTRING=00h-0FFhx3,0300h-03FEh -ACONST=00h-0FFhx3,0300h-03FEh \
  -AENTRY=00h-0FFhx3,0300h-03FEh -ABANK0=020h-05Dh -ARAM=020h-05Dh \
  -AABS1=020h-05Fh -ACOMMON=05Eh-05Fh -ASFR0=00h-01Fh -ASFR1=080h-0DDh \
  -ACONFIG=02007h-02007h -DCONFIG=2 -AIDLOC=02000h-02003h -DIDLOC=2 \
  -AEEDATA=00h-07Fh/02100h -peeprom_data=EEDATA -DEEDATA=2 -DCODE=2 \
  -DSTRCODE=2 -DSTRING=2 -DCONST=2 -DENTRY=2 \
  -preset_vec=00h,intentry=04h,init,end_init -ppowerup=CODE -pcinit=CODE \
  -pfunctab=ENTRY -posccal=03FFh -k \
  C:\Users\ziatd\AppData\Local\Temp\xcAs1a10.\driver_tmp_12.o \
  .ca/dist/Config_1/production\Cooler_Control.X.production.o 

Object code version is 3.11

Machine type is 12F675



                Name                               Link     Load   Length Selector   Space Scale
C:\Users\ziatd\AppData\Local\Temp\xcAs1a10.\driver_tmp_12.o
                end_init                              B        B        1        8       0
                reset_vec                             0        0        1        0       0
                config                             2007     2007        1        0       4
                idloc                              2000     2000        4        0       5
.ca/dist/Config_1/production\Cooler_Control.X.production.o
                cinit                                 C        C        7        8       0
                intentry                              4        4        7        8       0
                config                             2007     2007        1        0       4
                idloc                              2000     2000        4        0       5
                text11                              26E      26E       13        8       0
                text10                              2A2      2A2        F        8       0
                text9                               293      293        F        8       0
                text8                                A4       A4       8D        8       0
                text7                               1AC      1AC       4C        8       0
                text6                               281      281       12        8       0
                text5                               131      131       7B        8       0
                text4                               2B9      2B9        8        8       0
                text3                               1F8      1F8       3C        8       0
                text2                               234      234       3A        8       0
                text1                                13       13       91        8       0
                maintext                            2C1      2C1        6        8       0
                cstackBANK0                          3E       3E       14       20       1
                clrtext                             2B1      2B1        8        8       0
                bssBANK0                             20       20       1E       20       1

TOTAL           Name                               Link     Load   Length     Space
        CLASS   CODE           
                end_init                              B        B        1         0
                cinit                                 C        C        7         0
                intentry                              4        4        7         0
                reset_vec                             0        0        1         0
                text11                              26E      26E       13         0
                text10                              2A2      2A2        F         0
                text9                               293      293        F         0
                text8                                A4       A4       8D         0
                text7                               1AC      1AC       4C         0
                text6                               281      281       12         0
                text5                               131      131       7B         0
                text4                               2B9      2B9        8         0
                text3                               1F8      1F8       3C         0
                text2                               234      234       3A         0
                text1                                13       13       91         0
                maintext                            2C1      2C1        6         0
                clrtext                             2B1      2B1        8         0

        CLASS   STRCODE        

        CLASS   STRING         

        CLASS   CONST          

        CLASS   ENTRY          

        CLASS   BANK0          
                cstackBANK0                          3E       3E       14         1
                bssBANK0                             20       20       1E         1

        CLASS   RAM            

        CLASS   ABS1           
                abs_s1                               5E       5E        2         1

        CLASS   COMMON         

        CLASS   SFR0           

        CLASS   SFR1           

        CLASS   CONFIG         
                config                             2007     2007        1         4

        CLASS   IDLOC          
                idloc                              2000     2000        4         5

        CLASS   EEDATA         

        CLASS   BANK1          

        CLASS   STACK          



SEGMENTS        Name                           Load    Length   Top    Selector   Space  Class     Delta

                reset_vec                      000000  000001  000001         0       0  CODE        2
                intentry                       000004  0002C3  0002C7         8       0  CODE        2
                bssBANK0                       000020  000032  000052        20       1  BANK0       1


UNUSED ADDRESS RANGES

        Name                Unused          Largest block    Delta
        BANK0            0052-005D              C           1
        CODE             0001-0003              3           2
                         02C7-03FE            138
        CONST            0001-0003              3           2
                         02C7-03FE             39
        EEDATA           2100-217F             80           2
        ENTRY            0001-0003              3           2
                         02C7-03FE             39
        RAM              0052-005D              C           1
        SFR0             0000-001F             20           1
        SFR1             0080-00DD             5E           1
        STRCODE          0001-0003              3           2
                         02C7-03FE            138
        STRING           0001-0003              3           2
                         02C7-03FE             39

                                  Symbol Table

?___awmod                                  cstackBANK0  0040
BeepsStateMachine@state                    bssBANK0     0038
BeepsStateMachine@stateMachineAllowTimeout bssBANK0     0037
BeepsStateMachine@stateMachineDuration     bssBANK0     0031
EnqueueBeeps@allowTimeout                  cstackBANK0  0048
EnqueueBeeps@duration                      cstackBANK0  0046
_ADCON0                                    (abs)        001F
_ADCProcessing                             text8        00A4
_ADFM                                      (abs)        00FF
_ADIF                                      (abs)        0066
_ADON                                      (abs)        00F8
_ADRESH                                    (abs)        001E
_ADRESL                                    (abs)        009E
_ANSEL                                     (abs)        009F
_BeepsStateMachine                         text5        0131
_CHS0                                      (abs)        00FA
_CHS1                                      (abs)        00FB
_CMCON                                     (abs)        0019
_EnqueueBeeps                              text2        0234
_GIE                                       (abs)        005F
_GO                                        (abs)        00F9
_GP2                                       (abs)        002A
_GP4                                       (abs)        002C
_GP5                                       (abs)        002D
_GPIO                                      (abs)        0005
_ISR                                       text11       026E
_InitTimer0                                text4        02B9
_Init_uC                                   text3        01F8
_MuxTemp                                   text10       02A2
_MuxVoltage                                text9        0293
_OPTION_REG                                (abs)        0081
_PEIE                                      (abs)        005E
_TMR0                                      (abs)        0001
_TMR0IE                                    (abs)        005D
_TMR0IF                                    (abs)        005A
_TRISIO                                    (abs)        0085
_TRISIO0                                   (abs)        0428
_TRISIO1                                   (abs)        0429
_TRISIO2                                   (abs)        042A
_TRISIO4                                   (abs)        042C
_TRISIO5                                   (abs)        042D
_VCFG                                      (abs)        00FE
_VRCON                                     (abs)        0099
__H__absolute__                            __absolute__ 0000
__Habs1                                    abs1         07FE
__Hbank0                                   bank0        07FE
__Hbank1                                   bank1        07FE
__HbssBANK0                                bssBANK0     07FE
__Hcinit                                   cinit        0013
__Hclrtext                                 clrtext      07FE
__Hcode                                    code         07FE
__Hcommon                                  common       07FE
__Hconfig                                  config       2008
__HcstackBANK0                             cstackBANK0  07FE
__HcstackCOMMON                            cstackCOMMON 07FE
__Heeprom_data                             eeprom_data  0000
__Hend_init                                end_init     000C
__Hfunctab                                 functab      0000
__Hidloc                                   idloc        2004
__Hinit                                    init         000B
__Hintentry                                intentry     000B
__Hmaintext                                maintext     07FE
__Hosccal                                  osccal       03FF
__Hpowerup                                 powerup      0000
__Hram                                     ram          07FE
__Hreset_vec                               reset_vec    0001
__Hsfr0                                    sfr0         07FE
__Hsfr1                                    sfr1         07FE
__Hspace_0                                 (abs)        07FE
__Hspace_1                                 (abs)        07FE
__Hspace_2                                 (abs)        07FE
__Hspace_3                                 (abs)        0000
__Hspace_4                                 (abs)        400F
__Hstack                                   stack        07FE
__Hstrings                                 strings      07FE
__Htext                                    text         07FE
__L__absolute__                            __absolute__ 0000
__Labs1                                    abs1         07FE
__Lbank0                                   bank0        07FE
__Lbank1                                   bank1        07FE
__LbssBANK0                                bssBANK0     07FE
__Lcinit                                   cinit        000C
__Lclrtext                                 clrtext      07FE
__Lcode                                    code         07FE
__Lcommon                                  common       07FE
__Lconfig                                  config       0000
__LcstackBANK0                             cstackBANK0  07FE
__LcstackCOMMON                            cstackCOMMON 07FE
__Leeprom_data                             eeprom_data  0000
__Lend_init                                end_init     000B
__Lfunctab                                 functab      0000
__Lidloc                                   idloc        0000
__Linit                                    init         000B
__Lintentry                                intentry     0004
__Lmaintext                                maintext     07FE
__Losccal                                  osccal       03FF
__Lpowerup                                 powerup      0000
__Lram                                     ram          07FE
__Lreset_vec                               reset_vec    0000
__Lsfr0                                    sfr0         07FE
__Lsfr1                                    sfr1         07FE
__Lspace_0                                 (abs)        0000
__Lspace_1                                 (abs)        0000
__Lspace_2                                 (abs)        0000
__Lspace_3                                 (abs)        0000
__Lspace_4                                 (abs)        0000
__Lstack                                   stack        07FE
__Lstrings                                 strings      07FE
__Ltext                                    text         07FE
__S0                                       (abs)        02C7
__S1                                       (abs)        0052
__S3                                       (abs)        0000
___awmod                                   text7        01AC
___awmod@counter                           cstackBANK0  0044
___awmod@dividend                          cstackBANK0  0042
___awmod@divisor                           cstackBANK0  0040
___awmod@sign                              cstackBANK0  0045
___bmul                                    text6        0281
___bmul@multiplicand                       cstackBANK0  0040
___bmul@multiplier                         cstackBANK0  0042
___bmul@product                            cstackBANK0  0041
___int_sp                                  stack        07FE
___latbits                                 (abs)        0000
___osccal_val                              osccal       03FF
___sp                                      stack        07FE
___stackhi                                 (abs)        0000
___stacklo                                 (abs)        0000
__end_of_ADCProcessing                     text8        0131
__end_of_BeepsStateMachine                 text5        01AC
__end_of_EnqueueBeeps                      text2        026E
__end_of_ISR                               text11       0281
__end_of_InitTimer0                        text4        02C1
__end_of_Init_uC                           text3        0234
__end_of_MuxTemp                           text10       02B1
__end_of_MuxVoltage                        text9        02A2
__end_of___awmod                           text7        01F8
__end_of___bmul                            text6        0293
__end_of__initialization                   cinit        0011
__end_of_main                              maintext     02C7
__end_of_playAlert                         text1        00A4
__initialization                           cinit        000C
__pbssBANK0                                bssBANK0     0020
__pcstackBANK0                             cstackBANK0  003E
__pcstackCOMMON                            cstackCOMMON 0000
__pintentry                                intentry     0004
__pmaintext                                maintext     02C1
__ptext1                                   text1        0013
__ptext10                                  text10       02A2
__ptext11                                  text11       026E
__ptext2                                   text2        0234
__ptext3                                   text3        01F8
__ptext4                                   text4        02B9
__ptext5                                   text5        0131
__ptext6                                   text6        0281
__ptext7                                   text7        01AC
__ptext8                                   text8        00A4
__ptext9                                   text9        0293
_adcState                                  bssBANK0     0035
_adcValue                                  bssBANK0     002F
_alarmState                                bssBANK0     003B
_beepsQueue                                bssBANK0     0020
_cnt0                                      bssBANK0     0033
_errorTemperature                          bssBANK0     003C
_errorVoltage                              bssBANK0     003D
_main                                      maintext     02C1
_playAlert                                 text1        0013
_queueHead                                 bssBANK0     003A
_queueTail                                 bssBANK0     0039
btemp                                      (abs)        005E
clear_ram0                                 clrtext      02B1
end_of_initialization                      cinit        0011
interrupt_function                         intentry     0004
intlevel0                                  functab      0000
intlevel1                                  functab      0000
intlevel2                                  functab      0000
intlevel3                                  functab      0000
intlevel4                                  functab      0000
intlevel5                                  functab      0000
playAlert@howMuchTimesPlayLong             cstackBANK0  0050
playAlert@howMuchTimesPlayShort            cstackBANK0  0051
playAlert@i                                cstackBANK0  004E
playAlert@i_74                             cstackBANK0  004F
playAlert@soundState                       bssBANK0     0036
playAlert@totalBeeps                       cstackBANK0  004D
reset_vec                                  reset_vec    0000
saved_w                                    (abs)        005E
start                                      init         000B
start_initialization                       cinit        000C
wtemp0                                     (abs)        005E


MODULE INFORMATION

Module		Function		Class		Link	Load	Size
sounds.c
		_EnqueueBeeps  		CODE           	0234	0000	58
		_BeepsStateMachine		CODE           	0131	0000	123
		_playAlert     		CODE           	0013	0000	145

sounds.c estimated size: 326

C:\Program Files\Microchip\xc8\v2.41\pic\sources\c90\common\Umul8.c
		___bmul        		CODE           	0281	0000	18

C:\Program Files\Microchip\xc8\v2.41\pic\sources\c90\common\Umul8.c estimated size: 18

interrupt.c
		_MuxVoltage    		CODE           	0293	0000	15
		_ADCProcessing 		CODE           	00A4	0000	141
		_ISR           		CODE           	026E	0000	19
		_MuxTemp       		CODE           	02A2	0000	15

interrupt.c estimated size: 190

initPeriphery.c
		_InitTimer0    		CODE           	02B9	0000	8
		_Init_uC       		CODE           	01F8	0000	60

initPeriphery.c estimated size: 68

shared
		__initialization		CODE           	000C	0000	5

shared estimated size: 5

C:\Program Files\Microchip\xc8\v2.41\pic\sources\c90\common\awmod.c
		___awmod       		CODE           	01AC	0000	76

C:\Program Files\Microchip\xc8\v2.41\pic\sources\c90\common\awmod.c estimated size: 76

main.c
		_main          		CODE           	02C1	0000	6

main.c estimated size: 6

