Microchip MPLAB XC8 Compiler V2.31

Linker command line:

-W-3 --edf=C:\Program Files\Microchip\xc8\v2.31\pic\dat\en_msgs.txt -cn \
  -h+dist/default/production\Cooler_Control.X.production.sym \
  --cmf=dist/default/production\Cooler_Control.X.production.cmf -z -Q12F675 \
  -oC:\Users\User\AppData\Local\Temp\s7ak.2 --defsym=__MPLAB_BUILD=1 \
  -Mdist/default/production/Cooler_Control.X.production.map -E1 \
  -ver=XC8 Compiler --acfsm=1493 -ASTACK=028h-05Dh -pstack=STACK \
  -ACODE=00h-03FEh -ASTRCODE=00h-03FEh -ASTRING=00h-0FFhx3,0300h-03FEh \
  -ACONST=00h-0FFhx3,0300h-03FEh -AENTRY=00h-0FFhx3,0300h-03FEh \
  -ABANK0=020h-05Dh -ARAM=020h-05Dh -AABS1=020h-05Fh -ACOMMON=05Eh-05Fh \
  -ASFR0=00h-01Fh -ASFR1=080h-0DDh -ACONFIG=02007h-02007h -DCONFIG=2 \
  -AIDLOC=02000h-02003h -DIDLOC=2 -AEEDATA=00h-07Fh/02100h \
  -peeprom_data=EEDATA -DEEDATA=2 -DCODE=2 -DSTRCODE=2 -DSTRING=2 -DCONST=2 \
  -DENTRY=2 -preset_vec=00h,intentry=04h,init,end_init -ppowerup=CODE \
  -pcinit=CODE -pfunctab=ENTRY -posccal=03FFh -k \
  C:\Users\User\AppData\Local\Temp\s7ak.o \
  dist/default/production\Cooler_Control.X.production.o 

Object code version is 3.11

Machine type is 12F675



                Name                               Link     Load   Length Selector   Space Scale
C:\Users\User\AppData\Local\Temp\s7ak.o
                end_init                              B        B        1        8       0
                reset_vec                             0        0        1        0       0
                config                             2007     2007        1        0       4
dist/default/production\Cooler_Control.X.production.o
                cinit                                 C        C        6        8       0
                intentry                              4        4        7        8       0
                config                             2007     2007        1        0       4
                text5                                CA       CA       1C        8       0
                text4                                12       12       98        8       0
                text3                                E6       E6        F        8       0
                text2                                F5       F5        8        8       0
                text1                                AA       AA       20        8       0
                maintext                             FD       FD        6        8       0
                cstackBANK0                          20       20        5       20       1
                bssBANK0                             25       25        3       20       1

TOTAL           Name                               Link     Load   Length     Space
        CLASS   STACK          

        CLASS   CODE           
                end_init                              B        B        1         0
                cinit                                 C        C        6         0
                intentry                              4        4        7         0
                reset_vec                             0        0        1         0
                text5                                CA       CA       1C         0
                text4                                12       12       98         0
                text3                                E6       E6        F         0
                text2                                F5       F5        8         0
                text1                                AA       AA       20         0
                maintext                             FD       FD        6         0

        CLASS   STRCODE        

        CLASS   STRING         

        CLASS   CONST          

        CLASS   ENTRY          

        CLASS   BANK0          
                cstackBANK0                          20       20        5         1
                bssBANK0                             25       25        3         1

        CLASS   RAM            

        CLASS   ABS1           
                abs_s1                               5E       5E        2         1

        CLASS   COMMON         

        CLASS   SFR0           

        CLASS   SFR1           

        CLASS   CONFIG         
                config                             2007     2007        1         4

        CLASS   IDLOC          

        CLASS   EEDATA         

        CLASS   BANK1          



SEGMENTS        Name                           Load    Length   Top    Selector   Space  Class     Delta

                reset_vec                      000000  000001  000001         0       0  CODE        2
                intentry                       000004  0000FF  000103         8       0  CODE        2
                cstackBANK0                    000020  000008  000028        20       1  BANK0       1


UNUSED ADDRESS RANGES

        Name                Unused          Largest block    Delta
        BANK0            0028-005D             36           1
        CODE             0001-0003              3           2
                         0103-03FE            2FC
        CONST            0001-0003              3           2
                         0103-03FE            100
        EEDATA           2100-217F             80           2
        ENTRY            0001-0003              3           2
                         0103-03FE            100
        IDLOC            2000-2003              4           2
        RAM              0028-005D             36           1
        SFR0             0000-001F             20           1
        SFR1             0080-00DD             5E           1
        STACK            0028-005D             36           1
        STRCODE          0001-0003              3           2
                         0103-03FE            2FC
        STRING           0001-0003              3           2
                         0103-03FE            100

                                  Symbol Table

_ADC_Value               bssBANK0     0025
_ADFM                    (abs)        00FF
_ADIF                    (abs)        0066
_ADON                    (abs)        00F8
_ADRESH                  (abs)        001E
_ADRESL                  (abs)        009E
_ANSEL                   (abs)        009F
_CHS0                    (abs)        00FA
_CHS1                    (abs)        00FB
_CMCON                   (abs)        0019
_GIE                     (abs)        005F
_GO                      (abs)        00F9
_GP1                     (abs)        0029
_GP4                     (abs)        002C
_GP5                     (abs)        002D
_GPIO                    (abs)        0005
_INTCONbits              (abs)        000B
_ISR                     text5        00CA
_OPTION_REG              (abs)        0081
_PWM_Value               bssBANK0     0027
_T0IE                    (abs)        005D
_T0IF                    (abs)        005A
_TMR0                    (abs)        0001
_TRISIO                  (abs)        0085
_TRISIO0                 (abs)        0428
_TRISIO1                 (abs)        0429
_TRISIO4                 (abs)        042C
_TRISIO5                 (abs)        042D
_VCFG                    (abs)        00FE
_VRCON                   (abs)        0099
__Habs1                  abs1         07FE
__Hbank0                 bank0        07FE
__Hbank1                 bank1        07FE
__HbssBANK0              bssBANK0     07FE
__Hcinit                 cinit        0012
__Hclrtext               clrtext      07FE
__Hcode                  code         07FE
__Hcommon                common       07FE
__Hconfig                config       2008
__HcstackBANK0           cstackBANK0  07FE
__HcstackCOMMON          cstackCOMMON 07FE
__Heeprom_data           eeprom_data  0000
__Hend_init              end_init     000C
__Hfunctab               functab      0000
__Hinit                  init         000B
__Hintentry              intentry     000B
__Hmaintext              maintext     07FE
__Hosccal                osccal       03FF
__Hpowerup               powerup      0000
__Hram                   ram          07FE
__Hreset_vec             reset_vec    0001
__Hsfr0                  sfr0         07FE
__Hsfr1                  sfr1         07FE
__Hspace_0               (abs)        07FE
__Hspace_1               (abs)        07FE
__Hspace_2               (abs)        0000
__Hspace_3               (abs)        0000
__Hspace_4               (abs)        400F
__Hstack                 stack        0000
__Hstrings               strings      07FE
__Htext                  text         07FE
__Labs1                  abs1         07FE
__Lbank0                 bank0        07FE
__Lbank1                 bank1        07FE
__LbssBANK0              bssBANK0     07FE
__Lcinit                 cinit        000C
__Lclrtext               clrtext      07FE
__Lcode                  code         07FE
__Lcommon                common       07FE
__Lconfig                config       0000
__LcstackBANK0           cstackBANK0  07FE
__LcstackCOMMON          cstackCOMMON 07FE
__Leeprom_data           eeprom_data  0000
__Lend_init              end_init     000B
__Lfunctab               functab      0000
__Linit                  init         000B
__Lintentry              intentry     0004
__Lmaintext              maintext     07FE
__Losccal                osccal       03FF
__Lpowerup               powerup      0000
__Lram                   ram          07FE
__Lreset_vec             reset_vec    0000
__Lsfr0                  sfr0         07FE
__Lsfr1                  sfr1         07FE
__Lspace_0               (abs)        0000
__Lspace_1               (abs)        0000
__Lspace_2               (abs)        0000
__Lspace_3               (abs)        0000
__Lspace_4               (abs)        0000
__Lstack                 stack        0000
__Lstrings               strings      07FE
__Ltext                  text         07FE
__S0                     (abs)        0103
__S1                     (abs)        0028
__S2                     (abs)        0000
__S3                     (abs)        0000
___int_sp                stack        0000
___latbits               (abs)        0000
___osccal_val            osccal       03FF
___sp                    stack        0000
___stackhi               (abs)        0000
___stacklo               (abs)        0000
__end_of_ISR             text5        00E6
__end_of__initialization cinit        0010
__end_of_buttonEvent     text3        00F5
__end_of_initTimer0      text2        00FD
__end_of_init_uC         text1        00CA
__end_of_main            maintext     0103
__end_of_thermoControl   text4        00AA
__initialization         cinit        000C
__pbssBANK0              bssBANK0     0025
__pcstackBANK0           cstackBANK0  0020
__pcstackCOMMON          cstackCOMMON 0000
__pintentry              intentry     0004
__pmaintext              maintext     00FD
__ptext1                 text1        00AA
__ptext2                 text2        00F5
__ptext3                 text3        00E6
__ptext4                 text4        0012
__ptext5                 text5        00CA
__size_of_ISR            (abs)        0000
__size_of_buttonEvent    (abs)        0000
__size_of_initTimer0     (abs)        0000
__size_of_init_uC        (abs)        0000
__size_of_main           (abs)        0000
__size_of_thermoControl  (abs)        0000
_buttonEvent             text3        00E6
_initTimer0              text2        00F5
_init_uC                 text1        00AA
_main                    maintext     00FD
_thermoControl           text4        0012
btemp                    (abs)        005E
end_of_initialization    cinit        0010
interrupt_function       intentry     0004
intlevel0                functab      0000
intlevel1                functab      0000
intlevel2                functab      0000
intlevel3                functab      0000
intlevel4                functab      0000
intlevel5                functab      0000
reset_vec                reset_vec    0000
saved_w                  (abs)        005E
start                    init         000B
start_initialization     cinit        000C
wtemp0                   (abs)        005E


FUNCTION INFORMATION:

 *************** function _main *****************
 Defined at:
		line 28 in file "main.c"
 Parameters:    Size  Location     Type
		None
 Auto vars:     Size  Location     Type
		None
 Return value:  Size  Location     Type
                  1    wreg      void 
 Registers used:
		wreg, status,2, status,0, btemp+1, pclath, cstack
 Tracked objects:
		On entry : 
		On exit  : 
		Unchanged: 
 Data sizes:     COMMON   BANK0
      Params:         0       0
      Locals:         0       0
      Temps:          0       0
      Totals:         0       0
Total ram usage:        0 bytes
 Hardware stack levels required when called:    3
 This function calls:
		_buttonEvent
		_initTimer0
		_init_uC
 This function is called by:
		Startup code after reset
 This function uses a non-reentrant model


 *************** function _init_uC *****************
 Defined at:
		line 9 in file "ADC.c"
 Parameters:    Size  Location     Type
		None
 Auto vars:     Size  Location     Type
		None
 Return value:  Size  Location     Type
                  1    wreg      void 
 Registers used:
		wreg, status,2
 Tracked objects:
		On entry : 
		On exit  : 
		Unchanged: 
 Data sizes:     COMMON   BANK0
      Params:         0       0
      Locals:         0       0
      Temps:          0       0
      Totals:         0       0
Total ram usage:        0 bytes
 Hardware stack levels used:    1
 Hardware stack levels required when called:    1
 This function calls:
		Nothing
 This function is called by:
		_main
 This function uses a non-reentrant model


 *************** function _initTimer0 *****************
 Defined at:
		line 4 in file "timer0.c"
 Parameters:    Size  Location     Type
		None
 Auto vars:     Size  Location     Type
		None
 Return value:  Size  Location     Type
                  1    wreg      void 
 Registers used:
		wreg, status,2, status,0
 Tracked objects:
		On entry : 
		On exit  : 
		Unchanged: 
 Data sizes:     COMMON   BANK0
      Params:         0       0
      Locals:         0       0
      Temps:          0       1
      Totals:         0       1
Total ram usage:        1 bytes
 Hardware stack levels used:    1
 Hardware stack levels required when called:    1
 This function calls:
		Nothing
 This function is called by:
		_main
 This function uses a non-reentrant model


 *************** function _buttonEvent *****************
 Defined at:
		line 43 in file "ADC.c"
 Parameters:    Size  Location     Type
		None
 Auto vars:     Size  Location     Type
		None
 Return value:  Size  Location     Type
                  1    wreg      void 
 Registers used:
		wreg, status,2, btemp+1, pclath, cstack
 Tracked objects:
		On entry : 
		On exit  : 
		Unchanged: 
 Data sizes:     COMMON   BANK0
      Params:         0       0
      Locals:         0       0
      Temps:          0       1
      Totals:         0       1
Total ram usage:        1 bytes
 Hardware stack levels used:    1
 Hardware stack levels required when called:    2
 This function calls:
		_thermoControl
 This function is called by:
		_main
 This function uses a non-reentrant model


 *************** function _thermoControl *****************
 Defined at:
		line 52 in file "ADC.c"
 Parameters:    Size  Location     Type
		None
 Auto vars:     Size  Location     Type
		None
 Return value:  Size  Location     Type
                  1    wreg      unsigned char 
 Registers used:
		wreg, status,2, btemp+1
 Tracked objects:
		On entry : 
		On exit  : 
		Unchanged: 
 Data sizes:     COMMON   BANK0
      Params:         0       0
      Locals:         0       0
      Temps:          0       2
      Totals:         0       2
Total ram usage:        2 bytes
 Hardware stack levels used:    1
 Hardware stack levels required when called:    1
 This function calls:
		Nothing
 This function is called by:
		_buttonEvent
 This function uses a non-reentrant model


 *************** function _ISR *****************
 Defined at:
		line 6 in file "interrupt.c"
 Parameters:    Size  Location     Type
		None
 Auto vars:     Size  Location     Type
		None
 Return value:  Size  Location     Type
                  1    wreg      void 
 Registers used:
		wreg, status,2, status,0
 Tracked objects:
		On entry : 
		On exit  : 
		Unchanged: 
 Data sizes:     COMMON   BANK0
      Params:         0       0
      Locals:         0       0
      Temps:          0       2
      Totals:         0       2
Total ram usage:        2 bytes
 Hardware stack levels used:    1
 This function calls:
		Nothing
 This function is called by:
		Interrupt level 1
 This function uses a non-reentrant model



MODULE INFORMATION

Module		Function		Class		Link	Load	Size
timer0.c
		_initTimer0    		CODE           	00F5	0000	8

timer0.c estimated size: 8

interrupt.c
		_ISR           		CODE           	00CA	0000	28

interrupt.c estimated size: 28

shared
		__initialization		CODE           	000C	0000	4

shared estimated size: 4

ADC.c
		_buttonEvent   		CODE           	00E6	0000	15
		_init_uC       		CODE           	00AA	0000	32
		_thermoControl 		CODE           	0012	0000	152

ADC.c estimated size: 199

main.c
		_main          		CODE           	00FD	0000	6

main.c estimated size: 6

