Microchip MPLAB XC8 Compiler V2.41

Linker command line:

-W-3 \
  --edf=C:/Users/ziatd/.mchp_packs/Microchip/PIC10-12Fxxx_DFP/1.7.178/xc8\pic\dat\20230817221021_en.msgs \
  -cn \
  -h+dist/default/production\Power_Supply_Control_PIC12F675.X.production.sym \
  --cmf=dist/default/production\Power_Supply_Control_PIC12F675.X.production.cmf \
  -z -Q12F675 -oC:\Users\ziatd\AppData\Local\Temp\xcAsnhg.\driver_tmp_3.o \
  --defsym=__MPLAB_BUILD=1 --fixupoverflow=error \
  -Mdist/default/production/Power_Supply_Control_PIC12F675.X.production.map \
  --md=C:\Users\ziatd\AppData\Local\Temp\xcAsnhg.\driver_tmp_0.dat -E1 \
  -ver=XC8 Compiler --acfsm=1493 -ACODE=00h-03FEh -ASTRCODE=00h-03FEh \
  -ASTRING=00h-0FFhx3,0300h-03FEh -ACONST=00h-0FFhx3,0300h-03FEh \
  -AENTRY=00h-0FFhx3,0300h-03FEh -ABANK0=020h-05Dh -ARAM=020h-05Dh \
  -AABS1=020h-05Fh -ACOMMON=05Eh-05Fh -ASFR0=00h-01Fh -ASFR1=080h-0DDh \
  -ACONFIG=02007h-02007h -DCONFIG=2 -AIDLOC=02000h-02003h -DIDLOC=2 \
  -AEEDATA=00h-07Fh/02100h -peeprom_data=EEDATA -DEEDATA=2 -DCODE=2 \
  -DSTRCODE=2 -DSTRING=2 -DCONST=2 -DENTRY=2 \
  -preset_vec=00h,intentry=04h,init,end_init -ppowerup=CODE -pcinit=CODE \
  -pfunctab=ENTRY -posccal=03FFh -k \
  C:\Users\ziatd\AppData\Local\Temp\xcAsnhg.\driver_tmp_12.o \
  dist/default/production\Power_Supply_Control_PIC12F675.X.production.o 

Object code version is 3.11

Machine type is 12F675



                Name                               Link     Load   Length Selector   Space Scale
C:\Users\ziatd\AppData\Local\Temp\xcAsnhg.\driver_tmp_12.o
                end_init                              B        B        1        8       0
                reset_vec                             0        0        1        0       0
                config                             2007     2007        1        0       4
dist/default/production\Power_Supply_Control_PIC12F675.X.production.o
                cinit                                 C        C        7        8       0
                intentry                              4        4        7        8       0
                config                             2007     2007        1        0       4
                text11                              2B0      2B0       15        8       0
                text10                              2D4      2D4        F        8       0
                text9                               2C5      2C5        F        8       0
                text8                                C5       C5       99        8       0
                text7                               1E4      1E4       5A        8       0
                text6                               29A      29A       16        8       0
                text5                               15E      15E       86        8       0
                text4                               2EB      2EB        8        8       0
                text3                               27A      27A       20        8       0
                text2                               23E      23E       3C        8       0
                text1                                13       13       B2        8       0
                maintext                            2F3      2F3        7        8       0
                cstackBANK0                          3A       3A       14       20       1
                clrtext                             2E3      2E3        8        8       0
                bssBANK0                             20       20       1A       20       1

TOTAL           Name                               Link     Load   Length     Space
        CLASS   CODE           
                end_init                              B        B        1         0
                cinit                                 C        C        7         0
                intentry                              4        4        7         0
                reset_vec                             0        0        1         0
                text11                              2B0      2B0       15         0
                text10                              2D4      2D4        F         0
                text9                               2C5      2C5        F         0
                text8                                C5       C5       99         0
                text7                               1E4      1E4       5A         0
                text6                               29A      29A       16         0
                text5                               15E      15E       86         0
                text4                               2EB      2EB        8         0
                text3                               27A      27A       20         0
                text2                               23E      23E       3C         0
                text1                                13       13       B2         0
                maintext                            2F3      2F3        7         0
                clrtext                             2E3      2E3        8         0

        CLASS   STRCODE        

        CLASS   STRING         

        CLASS   CONST          

        CLASS   ENTRY          

        CLASS   BANK0          
                cstackBANK0                          3A       3A       14         1
                bssBANK0                             20       20       1A         1

        CLASS   RAM            

        CLASS   ABS1           
                abs_s1                               5E       5E        2         1

        CLASS   COMMON         

        CLASS   SFR0           

        CLASS   SFR1           

        CLASS   CONFIG         
                config                             2007     2007        1         4

        CLASS   IDLOC          

        CLASS   EEDATA         

        CLASS   BANK1          

        CLASS   STACK          



SEGMENTS        Name                           Load    Length   Top    Selector   Space  Class     Delta

                reset_vec                      000000  000001  000001         0       0  CODE        2
                intentry                       000004  0002F6  0002FA         8       0  CODE        2
                bssBANK0                       000020  00002E  00004E        20       1  BANK0       1


UNUSED ADDRESS RANGES

        Name                Unused          Largest block    Delta
        BANK0            004E-005D             10           1
        CODE             0001-0003              3           2
                         02FA-03FE            105
        CONST            0001-0003              3           2
                         02FA-03FE              6
        EEDATA           2100-217F             80           2
        ENTRY            0001-0003              3           2
                         02FA-03FE              6
        IDLOC            2000-2003              4           2
        RAM              004E-005D             10           1
        SFR0             0000-001F             20           1
        SFR1             0080-00DD             5E           1
        STRCODE          0001-0003              3           2
                         02FA-03FE            105
        STRING           0001-0003              3           2
                         02FA-03FE              6

                                  Symbol Table

?___awmod                                  cstackBANK0  003C
ADCProcessing@adcState                     bssBANK0     0033
ADCProcessing@adcValue                     cstackBANK0  003F
BeepsStateMachine@state                    bssBANK0     0036
BeepsStateMachine@stateMachineAllowTimeout bssBANK0     0035
BeepsStateMachine@stateMachineDuration     bssBANK0     002F
EnqueueBeeps@allowTimeout                  cstackBANK0  0044
EnqueueBeeps@duration                      cstackBANK0  0042
_ADCON0                                    (abs)        001F
_ADCProcessing                             text8        00C5
_ADFM                                      (abs)        00FF
_ADIF                                      (abs)        0066
_ADON                                      (abs)        00F8
_ADRESH                                    (abs)        001E
_ADRESL                                    (abs)        009E
_ANSEL                                     (abs)        009F
_BeepsStateMachine                         text5        015E
_CHS0                                      (abs)        00FA
_CHS1                                      (abs)        00FB
_CMCON                                     (abs)        0019
_EnqueueBeeps                              text2        023E
_GIE                                       (abs)        005F
_GO                                        (abs)        00F9
_GP2                                       (abs)        002A
_GP4                                       (abs)        002C
_GP5                                       (abs)        002D
_GPIO                                      (abs)        0005
_ISR                                       text11       02B0
_InitTimer0                                text4        02EB
_Init_uC                                   text3        027A
_MuxTemp                                   text10       02D4
_MuxVoltage                                text9        02C5
_OPTION_REG                                (abs)        0081
_PEIE                                      (abs)        005E
_TMR0                                      (abs)        0001
_TMR0IE                                    (abs)        005D
_TMR0IF                                    (abs)        005A
_TRISIO                                    (abs)        0085
_TRISIO0                                   (abs)        0428
_TRISIO1                                   (abs)        0429
_TRISIO2                                   (abs)        042A
_TRISIO4                                   (abs)        042C
_TRISIO5                                   (abs)        042D
_VCFG                                      (abs)        00FE
_VRCON                                     (abs)        0099
__H__absolute__                            __absolute__ 0000
__Habs1                                    abs1         07FE
__Hbank0                                   bank0        07FE
__Hbank1                                   bank1        07FE
__HbssBANK0                                bssBANK0     07FE
__Hcinit                                   cinit        0013
__Hclrtext                                 clrtext      07FE
__Hcode                                    code         07FE
__Hcommon                                  common       07FE
__Hconfig                                  config       2008
__HcstackBANK0                             cstackBANK0  07FE
__HcstackCOMMON                            cstackCOMMON 07FE
__Heeprom_data                             eeprom_data  0000
__Hend_init                                end_init     000C
__Hfunctab                                 functab      0000
__Hinit                                    init         000B
__Hintentry                                intentry     000B
__Hmaintext                                maintext     07FE
__Hosccal                                  osccal       03FF
__Hpowerup                                 powerup      0000
__Hram                                     ram          07FE
__Hreset_vec                               reset_vec    0001
__Hsfr0                                    sfr0         07FE
__Hsfr1                                    sfr1         07FE
__Hspace_0                                 (abs)        07FE
__Hspace_1                                 (abs)        07FE
__Hspace_2                                 (abs)        07FE
__Hspace_3                                 (abs)        0000
__Hspace_4                                 (abs)        400F
__Hstack                                   stack        07FE
__Hstrings                                 strings      07FE
__Htext                                    text         07FE
__L__absolute__                            __absolute__ 0000
__Labs1                                    abs1         07FE
__Lbank0                                   bank0        07FE
__Lbank1                                   bank1        07FE
__LbssBANK0                                bssBANK0     07FE
__Lcinit                                   cinit        000C
__Lclrtext                                 clrtext      07FE
__Lcode                                    code         07FE
__Lcommon                                  common       07FE
__Lconfig                                  config       0000
__LcstackBANK0                             cstackBANK0  07FE
__LcstackCOMMON                            cstackCOMMON 07FE
__Leeprom_data                             eeprom_data  0000
__Lend_init                                end_init     000B
__Lfunctab                                 functab      0000
__Linit                                    init         000B
__Lintentry                                intentry     0004
__Lmaintext                                maintext     07FE
__Losccal                                  osccal       03FF
__Lpowerup                                 powerup      0000
__Lram                                     ram          07FE
__Lreset_vec                               reset_vec    0000
__Lsfr0                                    sfr0         07FE
__Lsfr1                                    sfr1         07FE
__Lspace_0                                 (abs)        0000
__Lspace_1                                 (abs)        0000
__Lspace_2                                 (abs)        0000
__Lspace_3                                 (abs)        0000
__Lspace_4                                 (abs)        0000
__Lstack                                   stack        07FE
__Lstrings                                 strings      07FE
__Ltext                                    text         07FE
__S0                                       (abs)        02FA
__S1                                       (abs)        004E
__S3                                       (abs)        0000
___awmod                                   text7        01E4
___awmod@counter                           cstackBANK0  0040
___awmod@dividend                          cstackBANK0  003E
___awmod@divisor                           cstackBANK0  003C
___awmod@sign                              cstackBANK0  0041
___bmul                                    text6        029A
___bmul@multiplicand                       cstackBANK0  003C
___bmul@multiplier                         cstackBANK0  003E
___bmul@product                            cstackBANK0  003D
___int_sp                                  stack        07FE
___latbits                                 (abs)        0000
___osccal_val                              osccal       03FF
___sp                                      stack        07FE
___stackhi                                 (abs)        0000
___stacklo                                 (abs)        0000
__end_of_ADCProcessing                     text8        015E
__end_of_BeepsStateMachine                 text5        01E4
__end_of_EnqueueBeeps                      text2        027A
__end_of_ISR                               text11       02C5
__end_of_InitTimer0                        text4        02F3
__end_of_Init_uC                           text3        029A
__end_of_MuxTemp                           text10       02E3
__end_of_MuxVoltage                        text9        02D4
__end_of___awmod                           text7        023E
__end_of___bmul                            text6        02B0
__end_of__initialization                   cinit        0011
__end_of_main                              maintext     02FA
__end_of_playAlert                         text1        00C5
__initialization                           cinit        000C
__pbssBANK0                                bssBANK0     0020
__pcstackBANK0                             cstackBANK0  003A
__pcstackCOMMON                            cstackCOMMON 0000
__pintentry                                intentry     0004
__pmaintext                                maintext     02F3
__ptext1                                   text1        0013
__ptext10                                  text10       02D4
__ptext11                                  text11       02B0
__ptext2                                   text2        023E
__ptext3                                   text3        027A
__ptext4                                   text4        02EB
__ptext5                                   text5        015E
__ptext6                                   text6        029A
__ptext7                                   text7        01E4
__ptext8                                   text8        00C5
__ptext9                                   text9        02C5
_beepsQueue                                bssBANK0     0020
_cnt0                                      bssBANK0     0031
_main                                      maintext     02F3
_playAlert                                 text1        0013
_prmFlags                                  bssBANK0     0039
_queueHead                                 bssBANK0     0038
_queueTail                                 bssBANK0     0037
btemp                                      (abs)        005E
clear_ram0                                 clrtext      02E3
end_of_initialization                      cinit        0011
interrupt_function                         intentry     0004
intlevel0                                  functab      0000
intlevel1                                  functab      0000
intlevel2                                  functab      0000
intlevel3                                  functab      0000
intlevel4                                  functab      0000
intlevel5                                  functab      0000
playAlert@howMuchTimesPlayLong             cstackBANK0  004C
playAlert@howMuchTimesPlayShort            cstackBANK0  004D
playAlert@i                                cstackBANK0  004A
playAlert@i_85                             cstackBANK0  004B
playAlert@soundState                       bssBANK0     0034
playAlert@totalBeeps                       cstackBANK0  0049
reset_vec                                  reset_vec    0000
saved_w                                    (abs)        005E
start                                      init         000B
start_initialization                       cinit        000C
wtemp0                                     (abs)        005E


MODULE INFORMATION

Module		Function		Class		Link	Load	Size
sounds.c
		_EnqueueBeeps  		CODE           	023E	0000	60
		_BeepsStateMachine		CODE           	015E	0000	134
		_playAlert     		CODE           	0013	0000	178

sounds.c estimated size: 372

C:\Program Files\Microchip\xc8\v2.41\pic\sources\c90\common\Umul8.c
		___bmul        		CODE           	029A	0000	22

C:\Program Files\Microchip\xc8\v2.41\pic\sources\c90\common\Umul8.c estimated size: 22

interrupt.c
		_MuxVoltage    		CODE           	02C5	0000	15
		_ADCProcessing 		CODE           	00C5	0000	153
		_ISR           		CODE           	02B0	0000	21
		_MuxTemp       		CODE           	02D4	0000	15

interrupt.c estimated size: 204

initPeriphery.c
		_InitTimer0    		CODE           	02EB	0000	8
		_Init_uC       		CODE           	027A	0000	32

initPeriphery.c estimated size: 40

shared
		__initialization		CODE           	000C	0000	5

shared estimated size: 5

C:\Program Files\Microchip\xc8\v2.41\pic\sources\c90\common\awmod.c
		___awmod       		CODE           	01E4	0000	90

C:\Program Files\Microchip\xc8\v2.41\pic\sources\c90\common\awmod.c estimated size: 90

main.c
		_main          		CODE           	02F3	0000	7

main.c estimated size: 7

