Microchip MPLAB XC8 Compiler V2.36

Linker command line:

-W-3 --edf=C:\Program Files\Microchip\xc8\v2.36\pic\dat\en_msgs.txt -cn \
  -h+dist/default/production\Cooler_Control.X.production.sym \
  --cmf=dist/default/production\Cooler_Control.X.production.cmf -z -Q12F675 \
  -oC:\Users\ziatd\AppData\Local\Temp\xcAsfr8.4 --defsym=__MPLAB_BUILD=1 \
  -Mdist/default/production/Cooler_Control.X.production.map \
  --md=C:\Users\ziatd\AppData\Local\Temp\xcAsfr8.dat -E1 -ver=XC8 Compiler \
  --acfsm=1493 -ACODE=00h-03FEh -ASTRCODE=00h-03FEh \
  -ASTRING=00h-0FFhx3,0300h-03FEh -ACONST=00h-0FFhx3,0300h-03FEh \
  -AENTRY=00h-0FFhx3,0300h-03FEh -ABANK0=020h-05Dh -ARAM=020h-05Dh \
  -AABS1=020h-05Fh -ACOMMON=05Eh-05Fh -ASFR0=00h-01Fh -ASFR1=080h-0DDh \
  -ACONFIG=02007h-02007h -DCONFIG=2 -AIDLOC=02000h-02003h -DIDLOC=2 \
  -AEEDATA=00h-07Fh/02100h -peeprom_data=EEDATA -DEEDATA=2 -DCODE=2 \
  -DSTRCODE=2 -DSTRING=2 -DCONST=2 -DENTRY=2 \
  -preset_vec=00h,intentry=04h,init,end_init -ppowerup=CODE -pcinit=CODE \
  -pfunctab=ENTRY -posccal=03FFh -k \
  C:\Users\ziatd\AppData\Local\Temp\xcAsfr8.o \
  dist/default/production\Cooler_Control.X.production.o 

Object code version is 3.11

Machine type is 12F675



                Name                               Link     Load   Length Selector   Space Scale
C:\Users\ziatd\AppData\Local\Temp\xcAsfr8.o
                end_init                              B        B        1        8       0
                reset_vec                             0        0        1        0       0
                config                             2007     2007        1        0       4
dist/default/production\Cooler_Control.X.production.o
                cinit                                 C        C        A        8       0
                intentry                              4        4        7        8       0
                config                             2007     2007        1        0       4
                text13                              176      176       2C        8       0
                text12                              275      275        8        8       0
                text11                              200      200       16        8       0
                text10                              14A      14A       2C        8       0
                text9                               1A2      1A2       26        8       0
                text8                               1EA      1EA       16        8       0
                text7                               263      263       12        8       0
                text6                               23E      23E       13        8       0
                text5                                D8       D8       72        8       0
                text4                               1C8      1C8       22        8       0
                text3                               22B      22B       13        8       0
                text2                               251      251       12        8       0
                text1                                16       16       C2        8       0
                maintext                            216      216       15        8       0
                cstackBANK0                          20       20        A       20       1
                bssBANK0                             2A       2A        7       20       1

TOTAL           Name                               Link     Load   Length     Space
        CLASS   CODE           
                end_init                              B        B        1         0
                cinit                                 C        C        A         0
                intentry                              4        4        7         0
                reset_vec                             0        0        1         0
                text13                              176      176       2C         0
                text12                              275      275        8         0
                text11                              200      200       16         0
                text10                              14A      14A       2C         0
                text9                               1A2      1A2       26         0
                text8                               1EA      1EA       16         0
                text7                               263      263       12         0
                text6                               23E      23E       13         0
                text5                                D8       D8       72         0
                text4                               1C8      1C8       22         0
                text3                               22B      22B       13         0
                text2                               251      251       12         0
                text1                                16       16       C2         0
                maintext                            216      216       15         0

        CLASS   STRCODE        

        CLASS   STRING         

        CLASS   CONST          

        CLASS   ENTRY          

        CLASS   BANK0          
                cstackBANK0                          20       20        A         1
                bssBANK0                             2A       2A        7         1

        CLASS   RAM            

        CLASS   ABS1           
                abs_s1                               5E       5E        2         1

        CLASS   COMMON         

        CLASS   SFR0           

        CLASS   SFR1           

        CLASS   CONFIG         
                config                             2007     2007        1         4

        CLASS   IDLOC          

        CLASS   EEDATA         

        CLASS   BANK1          

        CLASS   STACK          



SEGMENTS        Name                           Load    Length   Top    Selector   Space  Class     Delta

                reset_vec                      000000  000001  000001         0       0  CODE        2
                intentry                       000004  000279  00027D         8       0  CODE        2
                cstackBANK0                    000020  000011  000031        20       1  BANK0       1


UNUSED ADDRESS RANGES

        Name                Unused          Largest block    Delta
        BANK0            0031-005D             2D           1
        CODE             0001-0003              3           2
                         027D-03FE            182
        CONST            0001-0003              3           2
                         027D-03FE             83
        EEDATA           2100-217F             80           2
        ENTRY            0001-0003              3           2
                         027D-03FE             83
        IDLOC            2000-2003              4           2
        RAM              0031-005D             2D           1
        SFR0             0000-001F             20           1
        SFR1             0080-00DD             5E           1
        STRCODE          0001-0003              3           2
                         027D-03FE            182
        STRING           0001-0003              3           2
                         027D-03FE             83

                                  Symbol Table

_ADCON0                     (abs)        001F
_ADFM                       (abs)        00FF
_ADIF                       (abs)        0066
_ADON                       (abs)        00F8
_ADRESH                     (abs)        001E
_ADRESL                     (abs)        009E
_ANSEL                      (abs)        009F
_CHS0                       (abs)        00FA
_CHS1                       (abs)        00FB
_CMCON                      (abs)        0019
_GIE                        (abs)        005F
_GO                         (abs)        00F9
_GP2                        (abs)        002A
_GP4                        (abs)        002C
_GP5                        (abs)        002D
_GPIO                       (abs)        0005
_INTCONbits                 (abs)        000B
_ISR                        text13       0176
_InitTimer0                 text12       0275
_Init_uC                    text10       014A
_LongSound                  text11       0200
_MeasureTemp                text4        01C8
_MeasureVoltage             text9        01A2
_OPTION_REG                 (abs)        0081
_Pin6VoltageControl         text5        00D8
_Pin7ThermoControl          text1        0016
_ShortSound                 text8        01EA
_T0IE                       (abs)        005D
_T0IF                       (abs)        005A
_TMR0                       (abs)        0001
_TRISIO                     (abs)        0085
_TRISIO0                    (abs)        0428
_TRISIO1                    (abs)        0429
_TRISIO2                    (abs)        042A
_TRISIO4                    (abs)        042C
_TRISIO5                    (abs)        042D
_ThreeLongOneShort          text3        022B
_ThreeShort                 text2        0251
_TwoShortOneLong            text7        0263
_TwoShortTwoLong            text6        023E
_VCFG                       (abs)        00FE
_VRCON                      (abs)        0099
__Habs1                     abs1         07FE
__Hbank0                    bank0        07FE
__Hbank1                    bank1        07FE
__HbssBANK0                 bssBANK0     07FE
__Hcinit                    cinit        0016
__Hclrtext                  clrtext      07FE
__Hcode                     code         07FE
__Hcommon                   common       07FE
__Hconfig                   config       2008
__HcstackBANK0              cstackBANK0  07FE
__HcstackCOMMON             cstackCOMMON 07FE
__Heeprom_data              eeprom_data  0000
__Hend_init                 end_init     000C
__Hfunctab                  functab      0000
__Hinit                     init         000B
__Hintentry                 intentry     000B
__Hmaintext                 maintext     07FE
__Hosccal                   osccal       03FF
__Hpowerup                  powerup      0000
__Hram                      ram          07FE
__Hreset_vec                reset_vec    0001
__Hsfr0                     sfr0         07FE
__Hsfr1                     sfr1         07FE
__Hspace_0                  (abs)        07FE
__Hspace_1                  (abs)        07FE
__Hspace_2                  (abs)        07FE
__Hspace_3                  (abs)        0000
__Hspace_4                  (abs)        400F
__Hstack                    stack        07FE
__Hstrings                  strings      07FE
__Htext                     text         07FE
__Labs1                     abs1         07FE
__Lbank0                    bank0        07FE
__Lbank1                    bank1        07FE
__LbssBANK0                 bssBANK0     07FE
__Lcinit                    cinit        000C
__Lclrtext                  clrtext      07FE
__Lcode                     code         07FE
__Lcommon                   common       07FE
__Lconfig                   config       0000
__LcstackBANK0              cstackBANK0  07FE
__LcstackCOMMON             cstackCOMMON 07FE
__Leeprom_data              eeprom_data  0000
__Lend_init                 end_init     000B
__Lfunctab                  functab      0000
__Linit                     init         000B
__Lintentry                 intentry     0004
__Lmaintext                 maintext     07FE
__Losccal                   osccal       03FF
__Lpowerup                  powerup      0000
__Lram                      ram          07FE
__Lreset_vec                reset_vec    0000
__Lsfr0                     sfr0         07FE
__Lsfr1                     sfr1         07FE
__Lspace_0                  (abs)        0000
__Lspace_1                  (abs)        0000
__Lspace_2                  (abs)        0000
__Lspace_3                  (abs)        0000
__Lspace_4                  (abs)        0000
__Lstack                    stack        07FE
__Lstrings                  strings      07FE
__Ltext                     text         07FE
__S0                        (abs)        027D
__S1                        (abs)        0031
__S3                        (abs)        0000
___int_sp                   stack        07FE
___latbits                  (abs)        0000
___osccal_val               osccal       03FF
___sp                       stack        07FE
___stackhi                  (abs)        0000
___stacklo                  (abs)        0000
__end_of_ISR                text13       01A2
__end_of_InitTimer0         text12       027D
__end_of_Init_uC            text10       0176
__end_of_LongSound          text11       0216
__end_of_MeasureTemp        text4        01EA
__end_of_MeasureVoltage     text9        01C8
__end_of_Pin6VoltageControl text5        014A
__end_of_Pin7ThermoControl  text1        00D8
__end_of_ShortSound         text8        0200
__end_of_ThreeLongOneShort  text3        023E
__end_of_ThreeShort         text2        0263
__end_of_TwoShortOneLong    text7        0275
__end_of_TwoShortTwoLong    text6        0251
__end_of__initialization    cinit        0014
__end_of_main               maintext     022B
__initialization            cinit        000C
__pbssBANK0                 bssBANK0     002A
__pcstackBANK0              cstackBANK0  0020
__pcstackCOMMON             cstackCOMMON 0000
__pintentry                 intentry     0004
__pmaintext                 maintext     0216
__ptext1                    text1        0016
__ptext10                   text10       014A
__ptext11                   text11       0200
__ptext12                   text12       0275
__ptext13                   text13       0176
__ptext2                    text2        0251
__ptext3                    text3        022B
__ptext4                    text4        01C8
__ptext5                    text5        00D8
__ptext6                    text6        023E
__ptext7                    text7        0263
__ptext8                    text8        01EA
__ptext9                    text9        01A2
_adcValue                   bssBANK0     002E
_errorFlag                  bssBANK0     0030
_main                       maintext     0216
_pulsePerTakt               bssBANK0     002A
_pwmValue                   bssBANK0     002C
btemp                       (abs)        005E
end_of_initialization       cinit        0014
interrupt_function          intentry     0004
intlevel0                   functab      0000
intlevel1                   functab      0000
intlevel2                   functab      0000
intlevel3                   functab      0000
intlevel4                   functab      0000
intlevel5                   functab      0000
reset_vec                   reset_vec    0000
saved_w                     (abs)        005E
start                       init         000B
start_initialization        cinit        000C
wtemp0                      (abs)        005E


MODULE INFORMATION

Module		Function		Class		Link	Load	Size
sounds.c
		_ThreeLongOneShort		CODE           	022B	0000	19
		_ThreeShort    		CODE           	0251	0000	18
		_TwoShortOneLong		CODE           	0263	0000	18
		_TwoShortTwoLong		CODE           	023E	0000	19
		_ShortSound    		CODE           	01EA	0000	22
		_LongSound     		CODE           	0200	0000	22

sounds.c estimated size: 118

timer0.c
		_InitTimer0    		CODE           	0275	0000	8

timer0.c estimated size: 8

interrupt.c
		_ISR           		CODE           	0176	0000	44

interrupt.c estimated size: 44

shared
		__initialization		CODE           	000C	0000	8

shared estimated size: 8

ADC.c
		_MeasureVoltage		CODE           	01A2	0000	38
		_Init_uC       		CODE           	014A	0000	44
		_Pin6VoltageControl		CODE           	00D8	0000	114
		_Pin7ThermoControl		CODE           	0016	0000	194
		_MeasureTemp   		CODE           	01C8	0000	34

ADC.c estimated size: 424

main.c
		_main          		CODE           	0216	0000	21

main.c estimated size: 21

