Microchip MPLAB XC8 Compiler V2.36

Linker command line:

-W-3 --edf=C:\Program Files\Microchip\xc8\v2.36\pic\dat\en_msgs.txt -cn \
  -h+dist/default/production\Cooler_Control.X.production.sym \
  --cmf=dist/default/production\Cooler_Control.X.production.cmf -z -Q12F675 \
  -oC:\Users\ziatd\AppData\Local\Temp\xcAs5ls.4 --defsym=__MPLAB_BUILD=1 \
  -Mdist/default/production/Cooler_Control.X.production.map \
  --md=C:\Users\ziatd\AppData\Local\Temp\xcAs5ls.dat -E1 -ver=XC8 Compiler \
  --acfsm=1493 -ACODE=00h-03FEh -ASTRCODE=00h-03FEh \
  -ASTRING=00h-0FFhx3,0300h-03FEh -ACONST=00h-0FFhx3,0300h-03FEh \
  -AENTRY=00h-0FFhx3,0300h-03FEh -ABANK0=020h-05Dh -ARAM=020h-05Dh \
  -AABS1=020h-05Fh -ACOMMON=05Eh-05Fh -ASFR0=00h-01Fh -ASFR1=080h-0DDh \
  -ACONFIG=02007h-02007h -DCONFIG=2 -AIDLOC=02000h-02003h -DIDLOC=2 \
  -AEEDATA=00h-07Fh/02100h -peeprom_data=EEDATA -DEEDATA=2 -DCODE=2 \
  -DSTRCODE=2 -DSTRING=2 -DCONST=2 -DENTRY=2 \
  -preset_vec=00h,intentry=04h,init,end_init -ppowerup=CODE -pcinit=CODE \
  -pfunctab=ENTRY -posccal=03FFh -k \
  C:\Users\ziatd\AppData\Local\Temp\xcAs5ls.o \
  dist/default/production\Cooler_Control.X.production.o 

Object code version is 3.11

Machine type is 12F675



                Name                               Link     Load   Length Selector   Space Scale
C:\Users\ziatd\AppData\Local\Temp\xcAs5ls.o
                end_init                              B        B        1        8       0
                reset_vec                             0        0        1        0       0
                config                             2007     2007        1        0       4
dist/default/production\Cooler_Control.X.production.o
                cinit                                 C        C        A        8       0
                intentry                              4        4        7        8       0
                config                             2007     2007        1        0       4
                text13                               7F       7F       21        8       0
                text12                               F0       F0       11        8       0
                text11                               16       16       41        8       0
                text10                               DA       DA       16        8       0
                text9                               101      101        F        8       0
                text8                               13E      13E        8        8       0
                text7                                BF       BF       1B        8       0
                text6                               136      136        8        8       0
                text5                               125      125        9        8       0
                text4                                A0       A0       1F        8       0
                text3                               12E      12E        8        8       0
                text2                               110      110        B        8       0
                text1                                57       57       28        8       0
                maintext                            11B      11B        A        8       0
                cstackBANK0                          20       20        8       20       1
                dataBANK0                            2E       2E        1       20       1
                bssBANK0                             28       28        6       20       1
                idataBANK0                          146      146        1        8       0

TOTAL           Name                               Link     Load   Length     Space
        CLASS   CODE           
                end_init                              B        B        1         0
                cinit                                 C        C        A         0
                intentry                              4        4        7         0
                reset_vec                             0        0        1         0
                text13                               7F       7F       21         0
                text12                               F0       F0       11         0
                text11                               16       16       41         0
                text10                               DA       DA       16         0
                text9                               101      101        F         0
                text8                               13E      13E        8         0
                text7                                BF       BF       1B         0
                text6                               136      136        8         0
                text5                               125      125        9         0
                text4                                A0       A0       1F         0
                text3                               12E      12E        8         0
                text2                               110      110        B         0
                text1                                57       57       28         0
                maintext                            11B      11B        A         0
                idataBANK0                          146      146        1         0

        CLASS   STRCODE        

        CLASS   STRING         

        CLASS   CONST          

        CLASS   ENTRY          

        CLASS   BANK0          
                cstackBANK0                          20       20        8         1
                dataBANK0                            2E       2E        1         1
                bssBANK0                             28       28        6         1

        CLASS   RAM            

        CLASS   ABS1           
                abs_s1                               5E       5E        2         1

        CLASS   COMMON         

        CLASS   SFR0           

        CLASS   SFR1           

        CLASS   CONFIG         
                config                             2007     2007        1         4

        CLASS   IDLOC          

        CLASS   EEDATA         

        CLASS   BANK1          

        CLASS   STACK          



SEGMENTS        Name                           Load    Length   Top    Selector   Space  Class     Delta

                reset_vec                      000000  000001  000001         0       0  CODE        2
                intentry                       000004  000143  000147         8       0  CODE        2
                cstackBANK0                    000020  00000F  00002F        20       1  BANK0       1


UNUSED ADDRESS RANGES

        Name                Unused          Largest block    Delta
        BANK0            002F-005D             2F           1
        CODE             0001-0003              3           2
                         0147-03FE            2B8
        CONST            0001-0003              3           2
                         0147-03FE            100
        EEDATA           2100-217F             80           2
        ENTRY            0001-0003              3           2
                         0147-03FE            100
        IDLOC            2000-2003              4           2
        RAM              002F-005D             2F           1
        SFR0             0000-001F             20           1
        SFR1             0080-00DD             5E           1
        STRCODE          0001-0003              3           2
                         0147-03FE            2B8
        STRING           0001-0003              3           2
                         0147-03FE            100

                                  Symbol Table

_ADCON0                  (abs)        001F
_ADCProcessing           text11       0016
_ADFM                    (abs)        00FF
_ADIF                    (abs)        0066
_ADON                    (abs)        00F8
_ADRESH                  (abs)        001E
_ADRESL                  (abs)        009E
_ANSEL                   (abs)        009F
_CHS0                    (abs)        00FA
_CHS1                    (abs)        00FB
_CMCON                   (abs)        0019
_DataProcessing          text4        00A0
_GIE                     (abs)        005F
_GO                      (abs)        00F9
_GP2                     (abs)        002A
_GP4                     (abs)        002C
_GP5                     (abs)        002D
_GPIO                    (abs)        0005
_ISR                     text13       007F
_InitTimer0              text3        012E
_InitTimer1              text2        0110
_Init_uC                 text1        0057
_LongSound               text7        00BF
_MuxVoltage              text12       00F0
_OPTION_REG              (abs)        0081
_PEIE                    (abs)        005E
_ShortSound              text10       00DA
_T1CON                   (abs)        0010
_TMR0                    (abs)        0001
_TMR0IE                  (abs)        005D
_TMR0IF                  (abs)        005A
_TMR1H                   (abs)        000F
_TMR1IE                  (abs)        0460
_TMR1IF                  (abs)        0060
_TMR1L                   (abs)        000E
_TRISIO                  (abs)        0085
_TRISIO0                 (abs)        0428
_TRISIO1                 (abs)        0429
_TRISIO2                 (abs)        042A
_TRISIO4                 (abs)        042C
_TRISIO5                 (abs)        042D
_ThreeShort              text8        013E
_TimeOut                 text9        0101
_TwoShortOneLong         text6        0136
_TwoShortTwoLong         text5        0125
_VCFG                    (abs)        00FE
_VRCON                   (abs)        0099
__Habs1                  abs1         07FE
__Hbank0                 bank0        07FE
__Hbank1                 bank1        07FE
__HbssBANK0              bssBANK0     07FE
__Hcinit                 cinit        0016
__Hclrtext               clrtext      07FE
__Hcode                  code         07FE
__Hcommon                common       07FE
__Hconfig                config       2008
__HcstackBANK0           cstackBANK0  07FE
__HcstackCOMMON          cstackCOMMON 07FE
__HdataBANK0             dataBANK0    07FE
__Heeprom_data           eeprom_data  0000
__Hend_init              end_init     000C
__Hfunctab               functab      0000
__HidataBANK0            idataBANK0   07FE
__Hinit                  init         000B
__Hintentry              intentry     000B
__Hmaintext              maintext     07FE
__Hosccal                osccal       03FF
__Hpowerup               powerup      0000
__Hram                   ram          07FE
__Hreset_vec             reset_vec    0001
__Hsfr0                  sfr0         07FE
__Hsfr1                  sfr1         07FE
__Hspace_0               (abs)        07FE
__Hspace_1               (abs)        07FE
__Hspace_2               (abs)        07FE
__Hspace_3               (abs)        0000
__Hspace_4               (abs)        400F
__Hstack                 stack        07FE
__Hstrings               strings      07FE
__Htext                  text         07FE
__Labs1                  abs1         07FE
__Lbank0                 bank0        07FE
__Lbank1                 bank1        07FE
__LbssBANK0              bssBANK0     07FE
__Lcinit                 cinit        000C
__Lclrtext               clrtext      07FE
__Lcode                  code         07FE
__Lcommon                common       07FE
__Lconfig                config       0000
__LcstackBANK0           cstackBANK0  07FE
__LcstackCOMMON          cstackCOMMON 07FE
__LdataBANK0             dataBANK0    07FE
__Leeprom_data           eeprom_data  0000
__Lend_init              end_init     000B
__Lfunctab               functab      0000
__LidataBANK0            idataBANK0   07FE
__Linit                  init         000B
__Lintentry              intentry     0004
__Lmaintext              maintext     07FE
__Losccal                osccal       03FF
__Lpowerup               powerup      0000
__Lram                   ram          07FE
__Lreset_vec             reset_vec    0000
__Lsfr0                  sfr0         07FE
__Lsfr1                  sfr1         07FE
__Lspace_0               (abs)        0000
__Lspace_1               (abs)        0000
__Lspace_2               (abs)        0000
__Lspace_3               (abs)        0000
__Lspace_4               (abs)        0000
__Lstack                 stack        07FE
__Lstrings               strings      07FE
__Ltext                  text         07FE
__S0                     (abs)        0147
__S1                     (abs)        002F
__S3                     (abs)        0000
___int_sp                stack        07FE
___latbits               (abs)        0000
___osccal_val            osccal       03FF
___sp                    stack        07FE
___stackhi               (abs)        0000
___stacklo               (abs)        0000
__end_of_ADCProcessing   text11       0057
__end_of_DataProcessing  text4        00BF
__end_of_ISR             text13       00A0
__end_of_InitTimer0      text3        0136
__end_of_InitTimer1      text2        011B
__end_of_Init_uC         text1        007F
__end_of_LongSound       text7        00DA
__end_of_MuxVoltage      text12       0101
__end_of_ShortSound      text10       00F0
__end_of_ThreeShort      text8        0146
__end_of_TimeOut         text9        0110
__end_of_TwoShortOneLong text6        013E
__end_of_TwoShortTwoLong text5        012E
__end_of__initialization cinit        0014
__end_of_main            maintext     0125
__initialization         cinit        000C
__pbssBANK0              bssBANK0     0028
__pcstackBANK0           cstackBANK0  0020
__pcstackCOMMON          cstackCOMMON 0000
__pdataBANK0             dataBANK0    002E
__pidataBANK0            idataBANK0   0146
__pintentry              intentry     0004
__pmaintext              maintext     011B
__ptext1                 text1        0057
__ptext10                text10       00DA
__ptext11                text11       0016
__ptext12                text12       00F0
__ptext13                text13       007F
__ptext2                 text2        0110
__ptext3                 text3        012E
__ptext4                 text4        00A0
__ptext5                 text5        0125
__ptext6                 text6        0136
__ptext7                 text7        00BF
__ptext8                 text8        013E
__ptext9                 text9        0101
_adcValue                bssBANK0     0028
_cnt0                    bssBANK0     002C
_cnt1                    bssBANK0     002A
_errorType               bssBANK0     002D
_main                    maintext     011B
_measureType             dataBANK0    002E
btemp                    (abs)        005E
end_of_initialization    cinit        0014
interrupt_function       intentry     0004
intlevel0                functab      0000
intlevel1                functab      0000
intlevel2                functab      0000
intlevel3                functab      0000
intlevel4                functab      0000
intlevel5                functab      0000
reset_vec                reset_vec    0000
saved_w                  (abs)        005E
start                    init         000B
start_initialization     cinit        000C
wtemp0                   (abs)        005E


MODULE INFORMATION

Module		Function		Class		Link	Load	Size
sounds.c
		_TimeOut       		CODE           	0101	0000	15
		_ThreeShort    		CODE           	013E	0000	8
		_TwoShortOneLong		CODE           	0136	0000	8
		_TwoShortTwoLong		CODE           	0125	0000	9
		_ShortSound    		CODE           	00DA	0000	22
		_LongSound     		CODE           	00BF	0000	27

sounds.c estimated size: 89

interrupt.c
		_MuxVoltage    		CODE           	00F0	0000	17
		_ADCProcessing 		CODE           	0016	0000	65
		_ISR           		CODE           	007F	0000	33

interrupt.c estimated size: 115

init_periphery.c
		_InitTimer0    		CODE           	012E	0000	8
		_InitTimer1    		CODE           	0110	0000	11
		_Init_uC       		CODE           	0057	0000	40

init_periphery.c estimated size: 59

shared
		__initialization		CODE           	000C	0000	8

shared estimated size: 8

main.c
		_main          		CODE           	011B	0000	10
		_DataProcessing		CODE           	00A0	0000	31

main.c estimated size: 41

