Microchip MPLAB XC8 Compiler V3.00

Linker command line:

-W9 \
  --edf=C:\Program Files\Microchip\xc8\v3.00\pic\dat\20241204225717_en.msgs \
  -cn -h+dist/default/debug\Cooler_Control.X.debug.sym \
  --cmf=dist/default/debug\Cooler_Control.X.debug.cmf -z -Q12F675 \
  -oC:\Users\ziatd\AppData\Local\Temp\xcAsl3o.\driver_tmp_3.o \
  --defsym=__MPLAB_BUILD=1 --fixupoverflow=error \
  -Mdist/default/debug/Cooler_Control.X.debug.map \
  --md=C:\Users\ziatd\AppData\Local\Temp\xcAsl3o.\driver_tmp_0.dat -E1 \
  -ver=XC8 Compiler -ACODE=00h-02FFh -ASTRCODE=00h-02FFh \
  -ASTRING=00h-0FFhx3 -ACONST=00h-0FFhx3 -AENTRY=00h-0FFhx3 \
  -ABANK0=020h-053h -ARAM=020h-053h -AABS1=020h-05Fh -ASFR0=00h-01Fh \
  -ASFR1=080h-0FFh -ACONFIG=02007h-02007h -DCONFIG=2 -AIDLOC=02000h-02003h \
  -DIDLOC=2 -AEEDATA=00h-07Fh/02100h -peeprom_data=EEDATA -DEEDATA=2 \
  -DCODE=2 -DSTRCODE=2 -DSTRING=2 -DCONST=2 -DENTRY=2 \
  -preset_vec=00h,intentry=04h,sivt,init,end_init -ppowerup=CODE \
  -pcinit=CODE -pfunctab=ENTRY -posccal=03FFh -k \
  C:\Users\ziatd\AppData\Local\Temp\xcAsl3o.\driver_tmp_12.o \
  dist/default/debug\Cooler_Control.X.debug.o 

Object code version is 3.11

Machine type is 12F675



                Name                               Link     Load   Length Selector   Space Scale
C:\Users\ziatd\AppData\Local\Temp\xcAsl3o.\driver_tmp_12.o
                end_init                              B        B        1        8       0
                reset_vec                             0        0        2        0       0
                config                             2007     2007        1        0       4
                idloc                              2000     2000        4        0       5
dist/default/debug\Cooler_Control.X.debug.o
                cinit                                 C        C        A        8       0
                intentry                              4        4        7        8       0
                config                             2007     2007        1        0       4
                idloc                              2000     2000        4        0       5
                text14                               7E       7E       1F        8       0
                text13                              10B      10B       11        8       0
                text12                               FA       FA       11        8       0
                text11                               16       16       49        8       0
                text10                               D0       D0       16        8       0
                text9                               11C      11C        F        8       0
                text8                               14F      14F        8        8       0
                text7                                9D       9D       1C        8       0
                text6                               147      147        8        8       0
                text5                               136      136        9        8       0
                text4                                B9       B9       17        8       0
                text3                               13F      13F        8        8       0
                text2                               12B      12B        B        8       0
                text1                                5F       5F       1F        8       0
                maintext                             E6       E6       14        8       0
                cstackBANK0                          26       26        6       20       1
                dataBANK0                            2C       2C        1       20       1
                bssBANK0                             20       20        6       20       1
                idataBANK0                          157      157        1        8       0

TOTAL           Name                               Link     Load   Length     Space
        CLASS   CODE           
                end_init                              B        B        1         0
                cinit                                 C        C        A         0
                intentry                              4        4        7         0
                reset_vec                             0        0        2         0
                text14                               7E       7E       1F         0
                text13                              10B      10B       11         0
                text12                               FA       FA       11         0
                text11                               16       16       49         0
                text10                               D0       D0       16         0
                text9                               11C      11C        F         0
                text8                               14F      14F        8         0
                text7                                9D       9D       1C         0
                text6                               147      147        8         0
                text5                               136      136        9         0
                text4                                B9       B9       17         0
                text3                               13F      13F        8         0
                text2                               12B      12B        B         0
                text1                                5F       5F       1F         0
                maintext                             E6       E6       14         0
                idataBANK0                          157      157        1         0

        CLASS   STRCODE        

        CLASS   STRING         

        CLASS   CONST          

        CLASS   ENTRY          

        CLASS   BANK0          
                cstackBANK0                          26       26        6         1
                dataBANK0                            2C       2C        1         1
                bssBANK0                             20       20        6         1

        CLASS   RAM            

        CLASS   ABS1           
                abs_s1                                0        0        0         1

        CLASS   SFR0           

        CLASS   SFR1           

        CLASS   CONFIG         
                config                             2007     2007        1         4

        CLASS   IDLOC          
                idloc                              2000     2000        4         5

        CLASS   EEDATA         

        CLASS   COMMON         

        CLASS   BANK1          

        CLASS   HEAP           

        CLASS   STACK          



SEGMENTS        Name                           Load    Length   Top    Selector   Space  Class     Delta

                reset_vec                      000000  000002  000002         0       0  CODE        2
                intentry                       000004  000154  000158         8       0  CODE        2
                bssBANK0                       000020  00000D  00002D        20       1  BANK0       1


UNUSED ADDRESS RANGES

        Name                Unused          Largest block    Delta
        BANK0            002D-0053             27           1
        CODE             0002-0003              2           2
                         0158-02FF            1A8
        CONST            0002-0003              2           2
                         0158-02FF             A8
        EEDATA           2100-217F             80           2
        ENTRY            0002-0003              2           2
                         0158-02FF             A8
        RAM              002D-0053             27           1
        SFR0             0000-001F             20           1
        SFR1             0080-00FF             80           1
        STRCODE          0002-0003              2           2
                         0158-02FF            1A8
        STRING           0002-0003              2           2
                         0158-02FF             A8

                                  Symbol Table

_ADCON0                  (abs)        001F
_ADCProcessing           text11       0016
_ADFM                    (abs)        00FF
_ADIF                    (abs)        0066
_ADON                    (abs)        00F8
_ADRESH                  (abs)        001E
_ADRESL                  (abs)        009E
_ANSEL                   (abs)        009F
_CHS0                    (abs)        00FA
_CHS1                    (abs)        00FB
_CMCON                   (abs)        0019
_DataProcessing          text4        00B9
_GIE                     (abs)        005F
_GO                      (abs)        00F9
_GP2                     (abs)        002A
_GP4                     (abs)        002C
_GP5                     (abs)        002D
_GPIO                    (abs)        0005
_ISR                     text14       007E
_InitTimer0              text3        013F
_InitTimer1              text2        012B
_Init_uC                 text1        005F
_LongSound               text7        009D
_MuxTemp                 text13       010B
_MuxVoltage              text12       00FA
_OPTION_REG              (abs)        0081
_PEIE                    (abs)        005E
_ShortSound              text10       00D0
_T1CON                   (abs)        0010
_TMR0                    (abs)        0001
_TMR0IE                  (abs)        005D
_TMR0IF                  (abs)        005A
_TMR1H                   (abs)        000F
_TMR1IE                  (abs)        0460
_TMR1IF                  (abs)        0060
_TMR1L                   (abs)        000E
_TRISIO                  (abs)        0085
_TRISIO0                 (abs)        0428
_TRISIO1                 (abs)        0429
_TRISIO2                 (abs)        042A
_TRISIO4                 (abs)        042C
_TRISIO5                 (abs)        042D
_ThreeShort              text8        014F
_TimeOut                 text9        011C
_TwoShortOneLong         text6        0147
_TwoShortTwoLong         text5        0136
_VCFG                    (abs)        00FE
_VRCON                   (abs)        0099
__H__absolute__          __absolute__ 0000
__Habs1                  abs1         07FE
__Hbank0                 bank0        07FE
__Hbank1                 bank1        07FE
__HbssBANK0              bssBANK0     07FE
__Hcinit                 cinit        0016
__Hclrtext               clrtext      07FE
__Hcode                  code         07FE
__Hcommon                common       07FE
__Hconfig                config       2008
__HcstackBANK0           cstackBANK0  07FE
__HdataBANK0             dataBANK0    07FE
__Heeprom_data           eeprom_data  0000
__Hend_init              end_init     000C
__Hfunctab               functab      0000
__Hheap                  heap         07FE
__HidataBANK0            idataBANK0   07FE
__Hidloc                 idloc        2004
__Hinit                  init         000B
__Hintentry              intentry     000B
__Hmaintext              maintext     07FE
__Hosccal                osccal       03FF
__Hpowerup               powerup      0000
__Hram                   ram          07FE
__Hreset_vec             reset_vec    0002
__Hsfr0                  sfr0         07FE
__Hsfr1                  sfr1         07FE
__Hsivt                  sivt         000B
__Hspace_0               (abs)        07FE
__Hspace_1               (abs)        07FE
__Hspace_2               (abs)        07FE
__Hspace_3               (abs)        0000
__Hspace_4               (abs)        400F
__Hstack                 stack        07FE
__Hstrings               strings      07FE
__Htext                  text         07FE
__L__absolute__          __absolute__ 0000
__Labs1                  abs1         07FE
__Lbank0                 bank0        07FE
__Lbank1                 bank1        07FE
__LbssBANK0              bssBANK0     07FE
__Lcinit                 cinit        000C
__Lclrtext               clrtext      07FE
__Lcode                  code         07FE
__Lcommon                common       07FE
__Lconfig                config       0000
__LcstackBANK0           cstackBANK0  07FE
__LdataBANK0             dataBANK0    07FE
__Leeprom_data           eeprom_data  0000
__Lend_init              end_init     000B
__Lfunctab               functab      0000
__Lheap                  heap         07FE
__LidataBANK0            idataBANK0   07FE
__Lidloc                 idloc        0000
__Linit                  init         000B
__Lintentry              intentry     0004
__Lmaintext              maintext     07FE
__Losccal                osccal       03FF
__Lpowerup               powerup      0000
__Lram                   ram          07FE
__Lreset_vec             reset_vec    0000
__Lsfr0                  sfr0         07FE
__Lsfr1                  sfr1         07FE
__Lsivt                  sivt         000B
__Lspace_0               (abs)        0000
__Lspace_1               (abs)        0000
__Lspace_2               (abs)        0000
__Lspace_3               (abs)        0000
__Lspace_4               (abs)        0000
__Lstack                 stack        07FE
__Lstrings               strings      07FE
__Ltext                  text         07FE
__S0                     (abs)        0158
__S1                     (abs)        002D
__S3                     (abs)        0000
___heap_hi               (abs)        0000
___heap_lo               (abs)        0000
___int_sp                stack        07FE
___int_stack_hi          stack        07FE
___int_stack_lo          stack        07FE
___latbits               (abs)        0000
___osccal_val            osccal       03FF
___sp                    stack        07FE
___stack_hi              stack        07FE
___stack_lo              stack        07FE
___stackhi               (abs)        0000
___stacklo               (abs)        0000
__end_of_ADCProcessing   text11       005F
__end_of_DataProcessing  text4        00D0
__end_of_ISR             text14       009D
__end_of_InitTimer0      text3        0147
__end_of_InitTimer1      text2        0136
__end_of_Init_uC         text1        007E
__end_of_LongSound       text7        00B9
__end_of_MuxTemp         text13       011C
__end_of_MuxVoltage      text12       010B
__end_of_ShortSound      text10       00E6
__end_of_ThreeShort      text8        0157
__end_of_TimeOut         text9        012B
__end_of_TwoShortOneLong text6        014F
__end_of_TwoShortTwoLong text5        013F
__end_of__initialization cinit        0014
__end_of_main            maintext     00FA
__initialization         cinit        000C
__pbssBANK0              bssBANK0     0020
__pcstackBANK0           cstackBANK0  0026
__pdataBANK0             dataBANK0    002C
__pidataBANK0            idataBANK0   0157
__pintentry              intentry     0004
__pmaintext              maintext     00E6
__ptext1                 text1        005F
__ptext10                text10       00D0
__ptext11                text11       0016
__ptext12                text12       00FA
__ptext13                text13       010B
__ptext14                text14       007E
__ptext2                 text2        012B
__ptext3                 text3        013F
__ptext4                 text4        00B9
__ptext5                 text5        0136
__ptext6                 text6        0147
__ptext7                 text7        009D
__ptext8                 text8        014F
__ptext9                 text9        011C
_adcValue                bssBANK0     0020
_cnt0                    bssBANK0     0024
_cnt1                    bssBANK0     0022
_errorType               bssBANK0     0025
_main                    maintext     00E6
_measureType             dataBANK0    002C
btemp                    (abs)        0000
end_of_initialization    cinit        0014
interrupt_function       intentry     0004
intlevel0                functab      0000
intlevel1                functab      0000
intlevel2                functab      0000
intlevel3                functab      0000
intlevel4                functab      0000
intlevel5                functab      0000
reset_vec                reset_vec    0000
saved_w                  (abs)        0000
start                    init         000B
start_initialization     cinit        000C


MODULE INFORMATION

Module		Function		Class		Link	Load	Size
sounds.c
		_TimeOut       		CODE           	011C	0000	15
		_ThreeShort    		CODE           	014F	0000	8
		_TwoShortOneLong		CODE           	0147	0000	8
		_TwoShortTwoLong		CODE           	0136	0000	9
		_ShortSound    		CODE           	00D0	0000	22
		_LongSound     		CODE           	009D	0000	28

sounds.c estimated size: 90

interrupts.c
		_MuxVoltage    		CODE           	00FA	0000	17
		_ADCProcessing 		CODE           	0016	0000	73
		_ISR           		CODE           	007E	0000	31
		_MuxTemp       		CODE           	010B	0000	17

interrupts.c estimated size: 138

initPeriphery.c
		_InitTimer0    		CODE           	013F	0000	8
		_InitTimer1    		CODE           	012B	0000	11
		_Init_uC       		CODE           	005F	0000	31

initPeriphery.c estimated size: 50

shared
		__initialization		CODE           	000C	0000	8

shared estimated size: 8

main.c
		_main          		CODE           	00E6	0000	20
		_DataProcessing		CODE           	00B9	0000	23

main.c estimated size: 43

